// Jest Snapshot v1, https://goo.gl/fbAQLP

exports[`matches snapshot 1`] = `
<div>
  <div
    class="Card"
  >
    <h4
      class="Card-title"
    >
      test_caption
    </h4>
    <img
      alt="test_caption"
      class="Card-image"
      src="image1.jpg"
    />
    <small
      class="Card-small"
    >
      Image 
      1
       of 
      1
      .
    </small>
  </div>
</div>
`;
